// Jest Snapshot v1, https://goo.gl/fbAQLP

exports[`Checkbox should render checkbox with default styles 1`] = `
.c1 {
  font-weight: 500;
  font-size: 0.875rem;
  line-height: 1.58;
  margin: 0;
  margin-right: 11px;
}

.c4 {
  position: relative;
  display: inline-block;
  width: 14px;
  height: 14px;
  vertical-align: middle;
  background-color: var(--colors-linkWater);
  border: 1px solid var(--colors-spindle);
  border-radius: 2px;
  -webkit-transition: all 150ms;
  transition: all 150ms;
}

.c4:hover {
  border: 1px solid var(--colors-irisBlue);
  box-sizing: border-box;
}

.c5 {
  display: block;
  position: absolute;
  top: 2px;
  left: 2px;
  width: 8px;
  height: 8px;
  background-color: var(--colors-irisBlue);
}

.c0 {
  display: -webkit-inline-box;
  display: -webkit-inline-flex;
  display: -ms-inline-flexbox;
  display: inline-flex;
  -webkit-box-pack: justify;
  -webkit-justify-content: space-between;
  -ms-flex-pack: justify;
  justify-content: space-between;
  -webkit-align-items: center;
  -webkit-box-align: center;
  -ms-flex-align: center;
  align-items: center;
  padding: 10px 13px 8px 12px;
  border: 1.5px solid var(--colors-spindle);
  border-radius: 12px;
  outline: none;
}

.c0:hover,
.c0:active {
  background: var(--colors-linkWater);
}

.c0:hover .c3,
.c0:active .c3 {
  border: 1px solid var(--colors-irisBlue);
  box-sizing: border-box;
}

.c0:focus,
.c0:focus-within {
  background: var(--colors-linkWater);
  box-shadow: 0px 0px 0px 2px var(--colors-irisBlue);
}

.c0:focus .c3,
.c0:focus-within .c3 {
  border: 1px solid var(--colors-irisBlue);
  box-sizing: border-box;
}

.c2 {
  border: 0;
  -webkit-clip: rect(0 0 0 0);
  clip: rect(0 0 0 0);
  -webkit-clippath: inset(50%);
  clippath: inset(50%);
  height: 1px;
  margin: -1px;
  overflow: hidden;
  padding: 0;
  position: absolute;
  white-space: nowrap;
  width: 1px;
  box-sizing: border-box;
}

<label
  class="c0"
  data-testid="checkboxcontainer"
  for="checkbox-Contractor"
  name="contractor"
>
  <span
    class="c1"
    data-testid="checkboxlabel"
  >
    Contractor
  </span>
  <input
    checked=""
    class="c2"
    id="checkbox-Contractor"
    name="contractor"
    type="checkbox"
    value="contractor"
  />
  <span
    class="c3 c4"
  >
    <span
      class="c5"
      data-testid="innercheckmark"
    />
  </span>
</label>
`;
