// Jest Snapshot v1, https://goo.gl/fbAQLP

exports[`EmploymentGroup should renders correctly with custom css 1`] = `
<DocumentFragment>
  .c0 {
  display: grid;
  grid-template-columns: repeat(2,auto);
  -webkit-align-items: center;
  -webkit-box-align: center;
  -ms-flex-align: center;
  align-items: center;
  -webkit-column-gap: 20px;
  column-gap: 20px;
}

<div
    class="c0"
  >
    Contractor
  </div>
</DocumentFragment>
`;
